Archive member included because of file (symbol)

c:/winavr-20100110/bin/../lib/gcc/avr/4.3.3/avr5\libgcc.a(_udivmodsi4.o)
                              ./LCD_Program.o (__udivmodsi4)
c:/winavr-20100110/bin/../lib/gcc/avr/4.3.3/avr5\libgcc.a(_exit.o)
                              c:/winavr-20100110/bin/../lib/gcc/avr/4.3.3/../../../../avr/lib/avr5/crtm32.o (exit)
c:/winavr-20100110/bin/../lib/gcc/avr/4.3.3/avr5\libgcc.a(_copy_data.o)
                              ./Icu_hw.o (__do_copy_data)
c:/winavr-20100110/bin/../lib/gcc/avr/4.3.3/avr5\libgcc.a(_clear_bss.o)
                              ./Icu_hw.o (__do_clear_bss)

Memory Configuration

Name             Origin             Length             Attributes
text             0x00000000         0x00020000         xr
data             0x00800060         0x0000ffa0         rw !x
eeprom           0x00810000         0x00010000         rw !x
fuse             0x00820000         0x00000400         rw !x
lock             0x00830000         0x00000400         rw !x
signature        0x00840000         0x00000400         rw !x
*default*        0x00000000         0xffffffff

Linker script and memory map

LOAD c:/winavr-20100110/bin/../lib/gcc/avr/4.3.3/../../../../avr/lib/avr5/crtm32.o
LOAD ./DIO_Program.o
LOAD ./GIE_program.o
LOAD ./Icu_hw.o
LOAD ./LCD_Program.o
LOAD ./Timer1_program.o
LOAD c:/winavr-20100110/bin/../lib/gcc/avr/4.3.3/avr5\libgcc.a
LOAD c:/winavr-20100110/bin/../lib/gcc/avr/4.3.3/../../../../avr/lib/avr5\libc.a
LOAD c:/winavr-20100110/bin/../lib/gcc/avr/4.3.3/avr5\libgcc.a

.hash
 *(.hash)

.dynsym
 *(.dynsym)

.dynstr
 *(.dynstr)

.gnu.version
 *(.gnu.version)

.gnu.version_d
 *(.gnu.version_d)

.gnu.version_r
 *(.gnu.version_r)

.rel.init
 *(.rel.init)

.rela.init
 *(.rela.init)

.rel.text
 *(.rel.text)
 *(.rel.text.*)
 *(.rel.gnu.linkonce.t*)

.rela.text
 *(.rela.text)
 *(.rela.text.*)
 *(.rela.gnu.linkonce.t*)

.rel.fini
 *(.rel.fini)

.rela.fini
 *(.rela.fini)

.rel.rodata
 *(.rel.rodata)
 *(.rel.rodata.*)
 *(.rel.gnu.linkonce.r*)

.rela.rodata
 *(.rela.rodata)
 *(.rela.rodata.*)
 *(.rela.gnu.linkonce.r*)

.rel.data
 *(.rel.data)
 *(.rel.data.*)
 *(.rel.gnu.linkonce.d*)

.rela.data
 *(.rela.data)
 *(.rela.data.*)
 *(.rela.gnu.linkonce.d*)

.rel.ctors
 *(.rel.ctors)

.rela.ctors
 *(.rela.ctors)

.rel.dtors
 *(.rel.dtors)

.rela.dtors
 *(.rela.dtors)

.rel.got
 *(.rel.got)

.rela.got
 *(.rela.got)

.rel.bss
 *(.rel.bss)

.rela.bss
 *(.rela.bss)

.rel.plt
 *(.rel.plt)

.rela.plt
 *(.rela.plt)

.text           0x00000000      0x844
 *(.vectors)
 .vectors       0x00000000       0x54 c:/winavr-20100110/bin/../lib/gcc/avr/4.3.3/../../../../avr/lib/avr5/crtm32.o
                0x00000000                __vectors
                0x00000000                __vector_default
 *(.vectors)
 *(.progmem.gcc*)
 *(.progmem*)
                0x00000054                . = ALIGN (0x2)
                0x00000054                __trampolines_start = .
 *(.trampolines)
 .trampolines   0x00000054        0x0 linker stubs
 *(.trampolines*)
                0x00000054                __trampolines_end = .
 *(.jumptables)
 *(.jumptables*)
 *(.lowtext)
 *(.lowtext*)
                0x00000054                __ctors_start = .
 *(.ctors)
                0x00000054                __ctors_end = .
                0x00000054                __dtors_start = .
 *(.dtors)
                0x00000054                __dtors_end = .
 SORT(*)(.ctors)
 SORT(*)(.dtors)
 *(.init0)
 .init0         0x00000054        0x0 c:/winavr-20100110/bin/../lib/gcc/avr/4.3.3/../../../../avr/lib/avr5/crtm32.o
                0x00000054                __init
 *(.init0)
 *(.init1)
 *(.init1)
 *(.init2)
 .init2         0x00000054        0xc c:/winavr-20100110/bin/../lib/gcc/avr/4.3.3/../../../../avr/lib/avr5/crtm32.o
 *(.init2)
 *(.init3)
 *(.init3)
 *(.init4)
 .init4         0x00000060       0x16 c:/winavr-20100110/bin/../lib/gcc/avr/4.3.3/avr5\libgcc.a(_copy_data.o)
                0x00000060                __do_copy_data
 .init4         0x00000076       0x10 c:/winavr-20100110/bin/../lib/gcc/avr/4.3.3/avr5\libgcc.a(_clear_bss.o)
                0x00000076                __do_clear_bss
 *(.init4)
 *(.init5)
 *(.init5)
 *(.init6)
 *(.init6)
 *(.init7)
 *(.init7)
 *(.init8)
 *(.init8)
 *(.init9)
 .init9         0x00000086        0x8 c:/winavr-20100110/bin/../lib/gcc/avr/4.3.3/../../../../avr/lib/avr5/crtm32.o
 *(.init9)
 *(.text)
 .text          0x0000008e        0x4 c:/winavr-20100110/bin/../lib/gcc/avr/4.3.3/../../../../avr/lib/avr5/crtm32.o
                0x0000008e                __vector_1
                0x0000008e                __vector_12
                0x0000008e                __bad_interrupt
                0x0000008e                __vector_3
                0x0000008e                __vector_11
                0x0000008e                __vector_13
                0x0000008e                __vector_17
                0x0000008e                __vector_19
                0x0000008e                __vector_7
                0x0000008e                __vector_5
                0x0000008e                __vector_4
                0x0000008e                __vector_9
                0x0000008e                __vector_2
                0x0000008e                __vector_15
                0x0000008e                __vector_8
                0x0000008e                __vector_14
                0x0000008e                __vector_10
                0x0000008e                __vector_16
                0x0000008e                __vector_18
                0x0000008e                __vector_20
 .text          0x00000092        0x0 ./DIO_Program.o
 .text          0x00000092        0x0 ./GIE_program.o
 .text          0x00000092        0x0 ./Icu_hw.o
 .text          0x00000092        0x0 ./LCD_Program.o
 .text          0x00000092        0x0 ./Timer1_program.o
 .text          0x00000092        0x0 c:/winavr-20100110/bin/../lib/gcc/avr/4.3.3/avr5\libgcc.a(_udivmodsi4.o)
 .text          0x00000092        0x0 c:/winavr-20100110/bin/../lib/gcc/avr/4.3.3/avr5\libgcc.a(_exit.o)
 .text          0x00000092        0x0 c:/winavr-20100110/bin/../lib/gcc/avr/4.3.3/avr5\libgcc.a(_copy_data.o)
 .text          0x00000092        0x0 c:/winavr-20100110/bin/../lib/gcc/avr/4.3.3/avr5\libgcc.a(_clear_bss.o)
                0x00000092                . = ALIGN (0x2)
 *(.text.*)
 .text.DIO_voidSetPortDirection
                0x00000092       0x22 ./DIO_Program.o
                0x00000092                DIO_voidSetPortDirection
 .text.DIO_voidSetPortValue
                0x000000b4       0x22 ./DIO_Program.o
                0x000000b4                DIO_voidSetPortValue
 .text.DIO_voidSetPinDirection
                0x000000d6       0xec ./DIO_Program.o
                0x000000d6                DIO_voidSetPinDirection
 .text.DIO_voidSetPinValue
                0x000001c2       0xec ./DIO_Program.o
                0x000001c2                DIO_voidSetPinValue
 .text.DIO_voidGetBitValue
                0x000002ae       0x3e ./DIO_Program.o
                0x000002ae                DIO_voidGetBitValue
 .text.DIO_voidToggelPin
                0x000002ec       0x6a ./DIO_Program.o
                0x000002ec                DIO_voidToggelPin
 .text.GIE_voidEanble
                0x00000356        0x8 ./GIE_program.o
                0x00000356                GIE_voidEanble
 .text.GIE_voidDisable
                0x0000035e        0x8 ./GIE_program.o
                0x0000035e                GIE_voidDisable
 .text.ISR_ICU_HW
                0x00000366        0x2 ./Icu_hw.o
                0x00000366                ISR_ICU_HW
 .text.main     0x00000368       0x86 ./Icu_hw.o
                0x00000368                main
 .text.LCD_voidWriteBitsToSend
                0x000003ee       0xe0 ./LCD_Program.o
                0x000003ee                LCD_voidWriteBitsToSend
 .text.LCD_voidWriteCommand
                0x000004ce       0x18 ./LCD_Program.o
                0x000004ce                LCD_voidWriteCommand
 .text.LCD_voidClear
                0x000004e6        0x8 ./LCD_Program.o
                0x000004e6                LCD_voidClear
 .text.LCD_voidGoToXY
                0x000004ee       0x38 ./LCD_Program.o
                0x000004ee                LCD_voidGoToXY
 .text.LCD_voidCharPos
                0x00000526       0x14 ./LCD_Program.o
                0x00000526                LCD_voidCharPos
 .text.LCD_voidWriteData
                0x0000053a       0x18 ./LCD_Program.o
                0x0000053a                LCD_voidWriteData
 .text.LCD_voidWriteNumber
                0x00000552       0xb2 ./LCD_Program.o
                0x00000552                LCD_voidWriteNumber
 .text.LCD_voidNumPos
                0x00000604       0x28 ./LCD_Program.o
                0x00000604                LCD_voidNumPos
 .text.LCD_voidWriteSpecialCharToCGRAM
                0x0000062c       0x5a ./LCD_Program.o
                0x0000062c                LCD_voidWriteSpecialCharToCGRAM
 .text.LCD_voidWriteString
                0x00000686       0x18 ./LCD_Program.o
                0x00000686                LCD_voidWriteString
 .text.LCD_voidStringPos
                0x0000069e       0x1a ./LCD_Program.o
                0x0000069e                LCD_voidStringPos
 .text.LCD_voidInit
                0x000006b8       0x86 ./LCD_Program.o
                0x000006b8                LCD_voidInit
 .text.Timer1_voidInit
                0x0000073e       0x1a ./Timer1_program.o
                0x0000073e                Timer1_voidInit
 .text.Timer1_ICUInterruptEnable
                0x00000758        0x8 ./Timer1_program.o
                0x00000758                Timer1_ICUInterruptEnable
 .text.Timer1_ICUInterruptDisable
                0x00000760        0x8 ./Timer1_program.o
                0x00000760                Timer1_ICUInterruptDisable
 .text.Timer1_voidClear
                0x00000768        0x6 ./Timer1_program.o
                0x00000768                Timer1_voidClear
 .text.Timer1_voidSetCompChA
                0x0000076e        0x6 ./Timer1_program.o
                0x0000076e                Timer1_voidSetCompChA
 .text.Timer1_u16GetInputCaptureReading
                0x00000774        0x8 ./Timer1_program.o
                0x00000774                Timer1_u16GetInputCaptureReading
 .text.Timer1_u16GetTimerReading
                0x0000077c        0x8 ./Timer1_program.o
                0x0000077c                Timer1_u16GetTimerReading
 .text.Timer1_voidChangeSenseICUEdge
                0x00000784       0x18 ./Timer1_program.o
                0x00000784                Timer1_voidChangeSenseICUEdge
 .text.Timer1_voidICUSetCallBack
                0x0000079c        0xe ./Timer1_program.o
                0x0000079c                Timer1_voidICUSetCallBack
 .text.__vector_6
                0x000007aa       0x52 ./Timer1_program.o
                0x000007aa                __vector_6
 .text.libgcc   0x000007fc       0x44 c:/winavr-20100110/bin/../lib/gcc/avr/4.3.3/avr5\libgcc.a(_udivmodsi4.o)
                0x000007fc                __udivmodsi4
 .text.libgcc   0x00000840        0x0 c:/winavr-20100110/bin/../lib/gcc/avr/4.3.3/avr5\libgcc.a(_exit.o)
 .text.libgcc   0x00000840        0x0 c:/winavr-20100110/bin/../lib/gcc/avr/4.3.3/avr5\libgcc.a(_copy_data.o)
 .text.libgcc   0x00000840        0x0 c:/winavr-20100110/bin/../lib/gcc/avr/4.3.3/avr5\libgcc.a(_clear_bss.o)
                0x00000840                . = ALIGN (0x2)
 *(.fini9)
 .fini9         0x00000840        0x0 c:/winavr-20100110/bin/../lib/gcc/avr/4.3.3/avr5\libgcc.a(_exit.o)
                0x00000840                exit
                0x00000840                _exit
 *(.fini9)
 *(.fini8)
 *(.fini8)
 *(.fini7)
 *(.fini7)
 *(.fini6)
 *(.fini6)
 *(.fini5)
 *(.fini5)
 *(.fini4)
 *(.fini4)
 *(.fini3)
 *(.fini3)
 *(.fini2)
 *(.fini2)
 *(.fini1)
 *(.fini1)
 *(.fini0)
 .fini0         0x00000840        0x4 c:/winavr-20100110/bin/../lib/gcc/avr/4.3.3/avr5\libgcc.a(_exit.o)
 *(.fini0)
                0x00000844                _etext = .

.data           0x00800060       0x16 load address 0x00000844
                0x00800060                PROVIDE (__data_start, .)
 *(.data)
 .data          0x00800060        0x0 c:/winavr-20100110/bin/../lib/gcc/avr/4.3.3/../../../../avr/lib/avr5/crtm32.o
 .data          0x00800060        0x0 ./DIO_Program.o
 .data          0x00800060        0x0 ./GIE_program.o
 .data          0x00800060       0x15 ./Icu_hw.o
 .data          0x00800075        0x0 ./LCD_Program.o
 .data          0x00800075        0x0 ./Timer1_program.o
 .data          0x00800075        0x0 c:/winavr-20100110/bin/../lib/gcc/avr/4.3.3/avr5\libgcc.a(_udivmodsi4.o)
 .data          0x00800075        0x0 c:/winavr-20100110/bin/../lib/gcc/avr/4.3.3/avr5\libgcc.a(_exit.o)
 .data          0x00800075        0x0 c:/winavr-20100110/bin/../lib/gcc/avr/4.3.3/avr5\libgcc.a(_copy_data.o)
 .data          0x00800075        0x0 c:/winavr-20100110/bin/../lib/gcc/avr/4.3.3/avr5\libgcc.a(_clear_bss.o)
 *(.data*)
 *(.rodata)
 *(.rodata*)
 *(.gnu.linkonce.d*)
                0x00800076                . = ALIGN (0x2)
 *fill*         0x00800075        0x1 00
                0x00800076                _edata = .
                0x00800076                PROVIDE (__data_end, .)

.bss            0x00800076        0x6
                0x00800076                PROVIDE (__bss_start, .)
 *(.bss)
 .bss           0x00800076        0x0 c:/winavr-20100110/bin/../lib/gcc/avr/4.3.3/../../../../avr/lib/avr5/crtm32.o
 .bss           0x00800076        0x0 ./DIO_Program.o
 .bss           0x00800076        0x0 ./GIE_program.o
 .bss           0x00800076        0x0 ./Icu_hw.o
 .bss           0x00800076        0x0 ./LCD_Program.o
 .bss           0x00800076        0x0 ./Timer1_program.o
 .bss           0x00800076        0x0 c:/winavr-20100110/bin/../lib/gcc/avr/4.3.3/avr5\libgcc.a(_udivmodsi4.o)
 .bss           0x00800076        0x0 c:/winavr-20100110/bin/../lib/gcc/avr/4.3.3/avr5\libgcc.a(_exit.o)
 .bss           0x00800076        0x0 c:/winavr-20100110/bin/../lib/gcc/avr/4.3.3/avr5\libgcc.a(_copy_data.o)
 .bss           0x00800076        0x0 c:/winavr-20100110/bin/../lib/gcc/avr/4.3.3/avr5\libgcc.a(_clear_bss.o)
 *(.bss*)
 .bss.PeriodTicks
                0x00800076        0x2 ./Icu_hw.o
                0x00800076                PeriodTicks
 .bss.OnTime    0x00800078        0x2 ./Icu_hw.o
                0x00800078                OnTime
 .bss.ICU_pvCallBackPtr
                0x0080007a        0x2 ./Timer1_program.o
                0x0080007a                ICU_pvCallBackPtr
 *(COMMON)
                0x0080007c                PROVIDE (__bss_end, .)
                0x00000844                __data_load_start = LOADADDR (.data)
                0x0000085a                __data_load_end = (__data_load_start + SIZEOF (.data))

.noinit         0x0080007c        0x0
                0x0080007c                PROVIDE (__noinit_start, .)
 *(.noinit*)
                0x0080007c                PROVIDE (__noinit_end, .)
                0x0080007c                _end = .
                0x0080007c                PROVIDE (__heap_start, .)

.eeprom         0x00810000        0x0
 *(.eeprom*)
                0x00810000                __eeprom_end = .

.fuse
 *(.fuse)
 *(.lfuse)
 *(.hfuse)
 *(.efuse)

.lock
 *(.lock*)

.signature
 *(.signature*)

.stab
 *(.stab)

.stabstr
 *(.stabstr)

.stab.excl
 *(.stab.excl)

.stab.exclstr
 *(.stab.exclstr)

.stab.index
 *(.stab.index)

.stab.indexstr
 *(.stab.indexstr)

.comment
 *(.comment)

.debug
 *(.debug)

.line
 *(.line)

.debug_srcinfo
 *(.debug_srcinfo)

.debug_sfnames
 *(.debug_sfnames)

.debug_aranges
 *(.debug_aranges)

.debug_pubnames
 *(.debug_pubnames)

.debug_info
 *(.debug_info)
 *(.gnu.linkonce.wi.*)

.debug_abbrev
 *(.debug_abbrev)

.debug_line
 *(.debug_line)

.debug_frame
 *(.debug_frame)

.debug_str
 *(.debug_str)

.debug_loc
 *(.debug_loc)

.debug_macinfo
 *(.debug_macinfo)
OUTPUT(ICU_HW.elf elf32-avr)
LOAD linker stubs
